// Jest Snapshot v1, https://goo.gl/fbAQLP

exports[`Header component should match snapshot  1`] = `
<header
  className="header"
>
  <p
    className="className logo"
  >
    MyDailyApp
  </p>
  <div
    className="line"
  />
</header>
`;
