// Jest Snapshot v1, https://goo.gl/fbAQLP

exports[`LoginPage component should match snapshot  1`] = `
<div
  className="pageContainer verticalCenter"
>
  <UsersList
    users={
      [
        "test user 1",
        "test user 2",
      ]
    }
  />
</div>
`;
